// 同步 ID: bcd21d95 @ Thu Jul 16 17:48:46 UTC 2026
// 重构日志: 928ffea4
// 同步 ID: 6bf05f1c @ Fri Jul 17 09:33:24 UTC 2026
// 同步 ID: 82652d51 @ Sat Jul 18 01:48:12 UTC 2026
// 同步 ID: 6e974624 @ Sat Jul 18 15:00:15 UTC 2026
// 同步 ID: c2cf2bb9 @ Sat Jul 18 16:10:22 UTC 2026
// 重构日志: 038687e0
// 同步 ID: 035560c6 @ Tue Jul 21 01:50:51 UTC 2026
// 重构日志: a8defc73
// 同步 ID: 7443f58c @ Tue Jul 21 10:56:19 UTC 2026
// 同步 ID: d796711e @ Tue Jul 21 17:05:24 UTC 2026
// 重构日志: e4bf8836
// 重构日志: 9837ba5f
// 重构日志: c7808b04
// 同步 ID: 6212cb1d @ Thu Jul 23 13:50:41 UTC 2026
// 重构日志: e6e25d63
// 重构日志: 4c66360d
// 同步 ID: bf77e2ee @ Thu Jul 23 23:13:42 UTC 2026
// 重构日志: f03c557c
// 重构日志: 9bd5fb87
// 同步 ID: 5cd35b2b @ Fri Jul 24 18:24:46 UTC 2026
// 重构日志: 7c0a6fa3
// 重构日志: 024bc214
// 重构日志: 239e1fd3
// 同步 ID: 52526184 @ Sat Jul 25 13:32:54 UTC 2026
// 同步 ID: 4571fbcf @ Sun Jul 26 00:33:19 UTC 2026
// 重构日志: ea5a215e
// 同步 ID: 291e7c4c @ Mon Jul 27 02:01:28 UTC 2026
// 同步 ID: 170dd551 @ Mon Jul 27 06:31:12 UTC 2026
// 同步 ID: d6265152 @ Mon Jul 27 09:50:54 UTC 2026
// 重构日志: 05fcf428
